// Jest Snapshot v1, https://goo.gl/fbAQLP

exports[`renders correctly 1`] = `
<Ionicons
  color="#6f6f6f"
  name="ios-information-circle"
  size={26}
/>
`;
