// Jest Snapshot v1, https://goo.gl/fbAQLP

exports[`<FaqComponent /> FaqComponent renders correctly with title and description 1`] = `
<View
  style={
    Object {
      "marginTop": 18,
    }
  }
>
  <TouchableOpacity
    onPress={[Function]}
    style={
      Object {
        "alignContent": "center",
        "borderColor": "#E7F3EB",
        "borderRadius": 10,
        "borderWidth": 1.5,
        "flexDirection": "row",
        "padding": 16,
      }
    }
  >
    <Ionicons
      color="#3957D0"
      name="ios-chevron-up-outline"
      size={22}
      style={
        Object {
          "paddingRight": 13,
          "paddingTop": 10,
        }
      }
    />
    <Text.Primary
      bold={true}
    >
      text
    </Text.Primary>
  </TouchableOpacity>
</View>
`;

exports[`<FaqComponent /> FaqComponent renders correctly without description 1`] = `
<View
  style={
    Object {
      "marginTop": 18,
    }
  }
>
  <TouchableOpacity
    onPress={[Function]}
    style={
      Object {
        "alignContent": "center",
        "borderColor": "#E7F3EB",
        "borderRadius": 10,
        "borderWidth": 1.5,
        "flexDirection": "row",
        "padding": 16,
      }
    }
  >
    <Ionicons
      color="#3957D0"
      name="ios-chevron-up-outline"
      size={22}
      style={
        Object {
          "paddingRight": 13,
          "paddingTop": 10,
        }
      }
    />
    <Text.Primary
      bold={true}
    >
      text
    </Text.Primary>
  </TouchableOpacity>
</View>
`;
